src/pages/ClientsPage.tsx(9,1): error TS6133: 'cn' is declared but its value is never read.
